Config file config.yaml is extended by additional config specified via the command line.
Assuming unrestricted shared filesystem usage.
host: f-hossain-5.ce.washington.edu
Building DAG of jobs...
Using shell: /usr/bin/bash
Provided cores: 32
Rules claiming more threads will be scaled down.
Provided resources: mem_mb=Resource("mem_mb", 128000)
Job stats:
job                    count
-------------------  -------
all                        1
cleanup_pixc               1
compute                    1
dem                        1
extract_chunk            474
merge_chunks               1
plan                       1
save_run_metadata          1
wait_for_all_chunks        1
total                    482

Select jobs to execute...
Execute 2 jobs...
[Tue Mar 10 12:35:17 2026]
localrule plan:
    output: /water1/mriduls/SOGRAIN_Analysis/france_from_1_to_236861/pixc_planning/pixc_to_grains.json
    jobid: 7
    reason: Missing output files: /water1/mriduls/SOGRAIN_Analysis/france_from_1_to_236861/pixc_planning/pixc_to_grains.json
    resources: tmpdir=/tmp
[Tue Mar 10 12:35:17 2026]
localrule save_run_metadata:
    output: /water1/mriduls/SOGRAIN_Analysis/france_from_1_to_236861/run_metadata/run_config.yaml
    jobid: 481
    reason: Missing output files: /water1/mriduls/SOGRAIN_Analysis/france_from_1_to_236861/run_metadata/run_config.yaml
    resources: tmpdir=/tmp
[Tue Mar 10 12:35:18 2026]
Finished jobid: 481 (Rule: save_run_metadata)
1 of 482 steps (0.2%) done
RuleException:
CalledProcessError in file "/home/mriduls/swot_play/SOGRAIN2.0/pipeline_chunking/Snakefile", line 83:
Command 'set -euo pipefail;  
        python scripts/plan_and_download_pixc.py             --config config.yaml             --region france             --canal_start 1             --canal_end 236861' returned non-zero exit status 1.
[Wed Mar 11 00:54:03 2026]
Error in rule plan:
    message: None
    jobid: 7
    output: /water1/mriduls/SOGRAIN_Analysis/france_from_1_to_236861/pixc_planning/pixc_to_grains.json
    shell:
        
        python scripts/plan_and_download_pixc.py             --config config.yaml             --region france             --canal_start 1             --canal_end 236861
        
        (command exited with non-zero exit code)
Removing output files of failed job plan since they might be corrupted:
/water1/mriduls/SOGRAIN_Analysis/france_from_1_to_236861/pixc_planning/pixc_to_grains.json
Shutting down, this might take some time.
Exiting because a job execution failed. Look below for error messages
[Wed Mar 11 00:54:03 2026]
Error in rule plan:
    message: None
    jobid: 7
    output: /water1/mriduls/SOGRAIN_Analysis/france_from_1_to_236861/pixc_planning/pixc_to_grains.json
    shell:
        
        python scripts/plan_and_download_pixc.py             --config config.yaml             --region france             --canal_start 1             --canal_end 236861
        
        (command exited with non-zero exit code)
Complete log(s): /home/mriduls/swot_play/SOGRAIN2.0/pipeline_chunking/.snakemake/log/2026-03-10T123516.327846.snakemake.log
WorkflowError:
At least one job did not complete successfully.
