Assuming unrestricted shared filesystem usage.
host: f-hossain-7.ce.washington.edu
Building DAG of jobs...
Using shell: /usr/bin/bash
Provided cores: 32
Rules claiming more threads will be scaled down.
Job stats:
job                    count
-------------------  -------
all                        1
cleanup_pixc               1
compute                    1
dem                        1
extract_chunk            576
merge_chunks               1
plan                       1
save_run_metadata          1
wait_for_all_chunks        1
total                    584

Select jobs to execute...
Execute 2 jobs...
[Mon Feb 16 13:09:31 2026]
localrule plan:
    output: /tiger2/mriduls/SOGRAIN_Analysis/us-south_from_91362_to_92547/pixc_planning/pixc_to_grains.json
    jobid: 7
    reason: Missing output files: /tiger2/mriduls/SOGRAIN_Analysis/us-south_from_91362_to_92547/pixc_planning/pixc_to_grains.json
    resources: tmpdir=/tmp
[Mon Feb 16 13:09:31 2026]
localrule save_run_metadata:
    output: /tiger2/mriduls/SOGRAIN_Analysis/us-south_from_91362_to_92547/run_metadata/run_config.yaml
    jobid: 583
    reason: Missing output files: /tiger2/mriduls/SOGRAIN_Analysis/us-south_from_91362_to_92547/run_metadata/run_config.yaml
    resources: tmpdir=/tmp
Traceback (most recent call last):

  File "/home/mriduls/miniconda3/envs/proj1_env/lib/python3.12/site-packages/snakemake/executors/local.py", line 231, in spawn_job
    subprocess.check_call(cmd, shell=True)

  File "/home/mriduls/miniconda3/envs/proj1_env/lib/python3.12/subprocess.py", line 413, in check_call
    raise CalledProcessError(retcode, cmd)

subprocess.CalledProcessError: Command 'cd /home/mriduls/SOGRAIN2.0/pipeline_chunking && /home/mriduls/miniconda3/envs/proj1_env/bin/python3.12 -m snakemake --snakefile '/home/mriduls/SOGRAIN2.0/pipeline_chunking/Snakefile' --target-jobs 'save_run_metadata:' --allowed-rules save_run_metadata --cores 32 --attempt 1 --force-use-threads  --force --target-files-omit-workdir-adjustment --max-inventory-time 0 --retries 0 --nocolor --no-hooks --nolock --ignore-incomplete --rerun-triggers mtime input software-env code params --conda-frontend 'conda' --shared-fs-usage software-deployment sources storage-local-copies input-output persistence source-cache --wrapper-prefix 'https://github.com/snakemake/snakemake-wrappers/raw/' --config 'region_name=us-south' 'canal_start=91362' 'canal_end=92547' --latency-wait 5 --scheduler 'ilp' --local-storage-prefix base64//LnNuYWtlbWFrZS9zdG9yYWdl --scheduler-solver-path '/home/mriduls/miniconda3/envs/proj1_env/bin' --runtime-source-cache-path '/home/mriduls/.cache/snakemake/snakemake/source-cache/snakemake-runtime-cache/tmp13i575g9' --default-resources base64//dG1wZGlyPXN5c3RlbV90bXBkaXI= --quiet progress rules host --mode 'subprocess' --local-groupid 'local'' returned non-zero exit status 1.


During handling of the above exception, another exception occurred:


Traceback (most recent call last):

  File "/home/mriduls/miniconda3/envs/proj1_env/lib/python3.12/concurrent/futures/thread.py", line 59, in run
    result = self.fn(*self.args, **self.kwargs)
             ^^^^^^^^^^^^^^^^^^^^^^^^^^^^^^^^^^

  File "/home/mriduls/miniconda3/envs/proj1_env/lib/python3.12/site-packages/snakemake/executors/local.py", line 236, in cached_or_run
    self.workflow.async_run(self.acached_or_run(job, run_func, *args))

  File "/home/mriduls/miniconda3/envs/proj1_env/lib/python3.12/site-packages/snakemake/workflow.py", line 267, in async_run
    return runner.run(coro)
           ^^^^^^^^^^^^^^^^

  File "/home/mriduls/miniconda3/envs/proj1_env/lib/python3.12/asyncio/runners.py", line 118, in run
    return self._loop.run_until_complete(task)
           ^^^^^^^^^^^^^^^^^^^^^^^^^^^^^^^^^^^

  File "/home/mriduls/miniconda3/envs/proj1_env/lib/python3.12/asyncio/base_events.py", line 691, in run_until_complete
    return future.result()
           ^^^^^^^^^^^^^^^

  File "/home/mriduls/miniconda3/envs/proj1_env/lib/python3.12/site-packages/snakemake/executors/local.py", line 249, in acached_or_run
    run_func(*args)

  File "/home/mriduls/miniconda3/envs/proj1_env/lib/python3.12/site-packages/snakemake/executors/local.py", line 233, in spawn_job
    raise SpawnedJobError()

snakemake.exceptions.SpawnedJobError

[Mon Feb 16 13:09:33 2026]
Error in rule save_run_metadata:
    message: None
    jobid: 583
    output: /tiger2/mriduls/SOGRAIN_Analysis/us-south_from_91362_to_92547/run_metadata/run_config.yaml
Terminating processes on user request, this might take some time.
RuleException:
CalledProcessError in file "/home/mriduls/SOGRAIN2.0/pipeline_chunking/Snakefile", line 82:
Command 'set -euo pipefail;  
        python scripts/plan_and_download_pixc.py             --config config.yaml             --region us-south             --canal_start 91362             --canal_end 92547' died with <Signals.SIGINT: 2>.
[Mon Feb 16 14:42:37 2026]
Error in rule plan:
    message: None
    jobid: 7
    output: /tiger2/mriduls/SOGRAIN_Analysis/us-south_from_91362_to_92547/pixc_planning/pixc_to_grains.json
    shell:
        
        python scripts/plan_and_download_pixc.py             --config config.yaml             --region us-south             --canal_start 91362             --canal_end 92547
        
        (command exited with non-zero exit code)
Complete log(s): /home/mriduls/SOGRAIN2.0/pipeline_chunking/.snakemake/log/2026-02-16T130930.616705.snakemake.log
WorkflowError:
At least one job did not complete successfully.
