Config file config.yaml is extended by additional config specified via the command line.
Assuming unrestricted shared filesystem usage.
host: f-hossain-5.ce.washington.edu
Building DAG of jobs...
Using shell: /usr/bin/bash
Provided cores: 32
Rules claiming more threads will be scaled down.
Provided resources: mem_mb=Resource("mem_mb", 128000)
Job stats:
job                    count
-------------------  -------
all                        1
cleanup_pixc               1
compute                    1
dem                        1
extract_chunk             45
merge_chunks               1
plan                       1
save_run_metadata          1
wait_for_all_chunks        1
total                     53

Select jobs to execute...
Execute 2 jobs...
[Mon Feb 23 15:15:39 2026]
localrule plan:
    output: /water1/mriduls/SOGRAIN_Analysis/australia_from_1_to_44105/pixc_planning/pixc_to_grains.json
    jobid: 7
    reason: Missing output files: /water1/mriduls/SOGRAIN_Analysis/australia_from_1_to_44105/pixc_planning/pixc_to_grains.json
    resources: tmpdir=/tmp
[Mon Feb 23 15:15:39 2026]
localrule save_run_metadata:
    output: /water1/mriduls/SOGRAIN_Analysis/australia_from_1_to_44105/run_metadata/run_config.yaml
    jobid: 52
    reason: Missing output files: /water1/mriduls/SOGRAIN_Analysis/australia_from_1_to_44105/run_metadata/run_config.yaml
    resources: tmpdir=/tmp
[Mon Feb 23 15:15:41 2026]
Finished jobid: 52 (Rule: save_run_metadata)
1 of 53 steps (2%) done
Terminating processes on user request, this might take some time.
