Config file config.yaml is extended by additional config specified via the command line.
Assuming unrestricted shared filesystem usage.
host: f-hossain-5.ce.washington.edu
Building DAG of jobs...
Using shell: /usr/bin/bash
Provided cores: 32
Rules claiming more threads will be scaled down.
Provided resources: mem_mb=Resource("mem_mb", 128000)
Job stats:
job                    count
-------------------  -------
all                        1
cleanup_pixc               1
compute                    1
dem                        1
extract_chunk             19
merge_chunks               1
plan                       1
wait_for_all_chunks        1
total                     26

Select jobs to execute...
Execute 1 jobs...
[Thu Feb 26 10:44:21 2026]
localrule plan:
    output: /water1/mriduls/SOGRAIN_Analysis/egypt_from_1_to_18905/pixc_planning/pixc_to_grains.json
    jobid: 7
    reason: Forced execution
    resources: tmpdir=/tmp
[Thu Feb 26 10:45:06 2026]
Finished jobid: 7 (Rule: plan)
1 of 26 steps (4%) done
Select jobs to execute...
Execute 16 jobs...
[Thu Feb 26 10:45:06 2026]
localrule extract_chunk:
    input: /water1/mriduls/SOGRAIN_Analysis/egypt_from_1_to_18905/pixc_planning/pixc_to_grains.json
    output: /water1/mriduls/SOGRAIN_Analysis/egypt_from_1_to_18905/extracted_points/chunk_3001_4001/extraction_complete.flag
    jobid: 10
    reason: Missing output files: /water1/mriduls/SOGRAIN_Analysis/egypt_from_1_to_18905/extracted_points/chunk_3001_4001/extraction_complete.flag; Input files updated by another job: /water1/mriduls/SOGRAIN_Analysis/egypt_from_1_to_18905/pixc_planning/pixc_to_grains.json
    wildcards: start=3001, end=4001
    resources: tmpdir=/tmp, mem_mb=8000, mem=8 GB, mem_mib=7630
[Thu Feb 26 10:45:06 2026]
localrule extract_chunk:
    input: /water1/mriduls/SOGRAIN_Analysis/egypt_from_1_to_18905/pixc_planning/pixc_to_grains.json
    output: /water1/mriduls/SOGRAIN_Analysis/egypt_from_1_to_18905/extracted_points/chunk_2001_3001/extraction_complete.flag
    jobid: 9
    reason: Missing output files: /water1/mriduls/SOGRAIN_Analysis/egypt_from_1_to_18905/extracted_points/chunk_2001_3001/extraction_complete.flag; Input files updated by another job: /water1/mriduls/SOGRAIN_Analysis/egypt_from_1_to_18905/pixc_planning/pixc_to_grains.json
    wildcards: start=2001, end=3001
    resources: tmpdir=/tmp, mem_mb=8000, mem=8 GB, mem_mib=7630
[Thu Feb 26 10:45:06 2026]
localrule extract_chunk:
    input: /water1/mriduls/SOGRAIN_Analysis/egypt_from_1_to_18905/pixc_planning/pixc_to_grains.json
    output: /water1/mriduls/SOGRAIN_Analysis/egypt_from_1_to_18905/extracted_points/chunk_17001_18001/extraction_complete.flag
    jobid: 24
    reason: Missing output files: /water1/mriduls/SOGRAIN_Analysis/egypt_from_1_to_18905/extracted_points/chunk_17001_18001/extraction_complete.flag; Input files updated by another job: /water1/mriduls/SOGRAIN_Analysis/egypt_from_1_to_18905/pixc_planning/pixc_to_grains.json
    wildcards: start=17001, end=18001
    resources: tmpdir=/tmp, mem_mb=8000, mem=8 GB, mem_mib=7630
[Thu Feb 26 10:45:06 2026]
localrule extract_chunk:
    input: /water1/mriduls/SOGRAIN_Analysis/egypt_from_1_to_18905/pixc_planning/pixc_to_grains.json
    output: /water1/mriduls/SOGRAIN_Analysis/egypt_from_1_to_18905/extracted_points/chunk_1001_2001/extraction_complete.flag
    jobid: 8
    reason: Missing output files: /water1/mriduls/SOGRAIN_Analysis/egypt_from_1_to_18905/extracted_points/chunk_1001_2001/extraction_complete.flag; Input files updated by another job: /water1/mriduls/SOGRAIN_Analysis/egypt_from_1_to_18905/pixc_planning/pixc_to_grains.json
    wildcards: start=1001, end=2001
    resources: tmpdir=/tmp, mem_mb=8000, mem=8 GB, mem_mib=7630
[Thu Feb 26 10:45:06 2026]
localrule extract_chunk:
    input: /water1/mriduls/SOGRAIN_Analysis/egypt_from_1_to_18905/pixc_planning/pixc_to_grains.json
    output: /water1/mriduls/SOGRAIN_Analysis/egypt_from_1_to_18905/extracted_points/chunk_16001_17001/extraction_complete.flag
    jobid: 23
    reason: Missing output files: /water1/mriduls/SOGRAIN_Analysis/egypt_from_1_to_18905/extracted_points/chunk_16001_17001/extraction_complete.flag; Input files updated by another job: /water1/mriduls/SOGRAIN_Analysis/egypt_from_1_to_18905/pixc_planning/pixc_to_grains.json
    wildcards: start=16001, end=17001
    resources: tmpdir=/tmp, mem_mb=8000, mem=8 GB, mem_mib=7630
[Thu Feb 26 10:45:06 2026]
localrule extract_chunk:
    input: /water1/mriduls/SOGRAIN_Analysis/egypt_from_1_to_18905/pixc_planning/pixc_to_grains.json
    output: /water1/mriduls/SOGRAIN_Analysis/egypt_from_1_to_18905/extracted_points/chunk_1_1001/extraction_complete.flag
    jobid: 6
    reason: Missing output files: /water1/mriduls/SOGRAIN_Analysis/egypt_from_1_to_18905/extracted_points/chunk_1_1001/extraction_complete.flag; Input files updated by another job: /water1/mriduls/SOGRAIN_Analysis/egypt_from_1_to_18905/pixc_planning/pixc_to_grains.json
    wildcards: start=1, end=1001
    resources: tmpdir=/tmp, mem_mb=8000, mem=8 GB, mem_mib=7630
[Thu Feb 26 10:45:06 2026]
localrule extract_chunk:
    input: /water1/mriduls/SOGRAIN_Analysis/egypt_from_1_to_18905/pixc_planning/pixc_to_grains.json
    output: /water1/mriduls/SOGRAIN_Analysis/egypt_from_1_to_18905/extracted_points/chunk_15001_16001/extraction_complete.flag
    jobid: 22
    reason: Missing output files: /water1/mriduls/SOGRAIN_Analysis/egypt_from_1_to_18905/extracted_points/chunk_15001_16001/extraction_complete.flag; Input files updated by another job: /water1/mriduls/SOGRAIN_Analysis/egypt_from_1_to_18905/pixc_planning/pixc_to_grains.json
    wildcards: start=15001, end=16001
    resources: tmpdir=/tmp, mem_mb=8000, mem=8 GB, mem_mib=7630
[Thu Feb 26 10:45:06 2026]
localrule extract_chunk:
    input: /water1/mriduls/SOGRAIN_Analysis/egypt_from_1_to_18905/pixc_planning/pixc_to_grains.json
    output: /water1/mriduls/SOGRAIN_Analysis/egypt_from_1_to_18905/extracted_points/chunk_14001_15001/extraction_complete.flag
    jobid: 21
    reason: Missing output files: /water1/mriduls/SOGRAIN_Analysis/egypt_from_1_to_18905/extracted_points/chunk_14001_15001/extraction_complete.flag; Input files updated by another job: /water1/mriduls/SOGRAIN_Analysis/egypt_from_1_to_18905/pixc_planning/pixc_to_grains.json
    wildcards: start=14001, end=15001
    resources: tmpdir=/tmp, mem_mb=8000, mem=8 GB, mem_mib=7630
[Thu Feb 26 10:45:06 2026]
localrule extract_chunk:
    input: /water1/mriduls/SOGRAIN_Analysis/egypt_from_1_to_18905/pixc_planning/pixc_to_grains.json
    output: /water1/mriduls/SOGRAIN_Analysis/egypt_from_1_to_18905/extracted_points/chunk_13001_14001/extraction_complete.flag
    jobid: 20
    reason: Missing output files: /water1/mriduls/SOGRAIN_Analysis/egypt_from_1_to_18905/extracted_points/chunk_13001_14001/extraction_complete.flag; Input files updated by another job: /water1/mriduls/SOGRAIN_Analysis/egypt_from_1_to_18905/pixc_planning/pixc_to_grains.json
    wildcards: start=13001, end=14001
    resources: tmpdir=/tmp, mem_mb=8000, mem=8 GB, mem_mib=7630
[Thu Feb 26 10:45:06 2026]
localrule extract_chunk:
    input: /water1/mriduls/SOGRAIN_Analysis/egypt_from_1_to_18905/pixc_planning/pixc_to_grains.json
    output: /water1/mriduls/SOGRAIN_Analysis/egypt_from_1_to_18905/extracted_points/chunk_10001_11001/extraction_complete.flag
    jobid: 17
    reason: Missing output files: /water1/mriduls/SOGRAIN_Analysis/egypt_from_1_to_18905/extracted_points/chunk_10001_11001/extraction_complete.flag; Input files updated by another job: /water1/mriduls/SOGRAIN_Analysis/egypt_from_1_to_18905/pixc_planning/pixc_to_grains.json
    wildcards: start=10001, end=11001
    resources: tmpdir=/tmp, mem_mb=8000, mem=8 GB, mem_mib=7630
[Thu Feb 26 10:45:06 2026]
localrule extract_chunk:
    input: /water1/mriduls/SOGRAIN_Analysis/egypt_from_1_to_18905/pixc_planning/pixc_to_grains.json
    output: /water1/mriduls/SOGRAIN_Analysis/egypt_from_1_to_18905/extracted_points/chunk_9001_10001/extraction_complete.flag
    jobid: 16
    reason: Missing output files: /water1/mriduls/SOGRAIN_Analysis/egypt_from_1_to_18905/extracted_points/chunk_9001_10001/extraction_complete.flag; Input files updated by another job: /water1/mriduls/SOGRAIN_Analysis/egypt_from_1_to_18905/pixc_planning/pixc_to_grains.json
    wildcards: start=9001, end=10001
    resources: tmpdir=/tmp, mem_mb=8000, mem=8 GB, mem_mib=7630
[Thu Feb 26 10:45:06 2026]
localrule extract_chunk:
    input: /water1/mriduls/SOGRAIN_Analysis/egypt_from_1_to_18905/pixc_planning/pixc_to_grains.json
    output: /water1/mriduls/SOGRAIN_Analysis/egypt_from_1_to_18905/extracted_points/chunk_8001_9001/extraction_complete.flag
    jobid: 15
    reason: Missing output files: /water1/mriduls/SOGRAIN_Analysis/egypt_from_1_to_18905/extracted_points/chunk_8001_9001/extraction_complete.flag; Input files updated by another job: /water1/mriduls/SOGRAIN_Analysis/egypt_from_1_to_18905/pixc_planning/pixc_to_grains.json
    wildcards: start=8001, end=9001
    resources: tmpdir=/tmp, mem_mb=8000, mem=8 GB, mem_mib=7630
[Thu Feb 26 10:45:06 2026]
localrule extract_chunk:
    input: /water1/mriduls/SOGRAIN_Analysis/egypt_from_1_to_18905/pixc_planning/pixc_to_grains.json
    output: /water1/mriduls/SOGRAIN_Analysis/egypt_from_1_to_18905/extracted_points/chunk_7001_8001/extraction_complete.flag
    jobid: 14
    reason: Missing output files: /water1/mriduls/SOGRAIN_Analysis/egypt_from_1_to_18905/extracted_points/chunk_7001_8001/extraction_complete.flag; Input files updated by another job: /water1/mriduls/SOGRAIN_Analysis/egypt_from_1_to_18905/pixc_planning/pixc_to_grains.json
    wildcards: start=7001, end=8001
    resources: tmpdir=/tmp, mem_mb=8000, mem=8 GB, mem_mib=7630
[Thu Feb 26 10:45:06 2026]
localrule extract_chunk:
    input: /water1/mriduls/SOGRAIN_Analysis/egypt_from_1_to_18905/pixc_planning/pixc_to_grains.json
    output: /water1/mriduls/SOGRAIN_Analysis/egypt_from_1_to_18905/extracted_points/chunk_6001_7001/extraction_complete.flag
    jobid: 13
    reason: Missing output files: /water1/mriduls/SOGRAIN_Analysis/egypt_from_1_to_18905/extracted_points/chunk_6001_7001/extraction_complete.flag; Input files updated by another job: /water1/mriduls/SOGRAIN_Analysis/egypt_from_1_to_18905/pixc_planning/pixc_to_grains.json
    wildcards: start=6001, end=7001
    resources: tmpdir=/tmp, mem_mb=8000, mem=8 GB, mem_mib=7630
[Thu Feb 26 10:45:06 2026]
localrule extract_chunk:
    input: /water1/mriduls/SOGRAIN_Analysis/egypt_from_1_to_18905/pixc_planning/pixc_to_grains.json
    output: /water1/mriduls/SOGRAIN_Analysis/egypt_from_1_to_18905/extracted_points/chunk_5001_6001/extraction_complete.flag
    jobid: 12
    reason: Missing output files: /water1/mriduls/SOGRAIN_Analysis/egypt_from_1_to_18905/extracted_points/chunk_5001_6001/extraction_complete.flag; Input files updated by another job: /water1/mriduls/SOGRAIN_Analysis/egypt_from_1_to_18905/pixc_planning/pixc_to_grains.json
    wildcards: start=5001, end=6001
    resources: tmpdir=/tmp, mem_mb=8000, mem=8 GB, mem_mib=7630
[Thu Feb 26 10:45:06 2026]
localrule extract_chunk:
    input: /water1/mriduls/SOGRAIN_Analysis/egypt_from_1_to_18905/pixc_planning/pixc_to_grains.json
    output: /water1/mriduls/SOGRAIN_Analysis/egypt_from_1_to_18905/extracted_points/chunk_4001_5001/extraction_complete.flag
    jobid: 11
    reason: Missing output files: /water1/mriduls/SOGRAIN_Analysis/egypt_from_1_to_18905/extracted_points/chunk_4001_5001/extraction_complete.flag; Input files updated by another job: /water1/mriduls/SOGRAIN_Analysis/egypt_from_1_to_18905/pixc_planning/pixc_to_grains.json
    wildcards: start=4001, end=5001
    resources: tmpdir=/tmp, mem_mb=8000, mem=8 GB, mem_mib=7630
Select jobs to execute...
Terminating processes on user request, this might take some time.
RuleException:
CalledProcessError in file "/home/mriduls/swot_play/SOGRAIN2.0/pipeline_chunking/Snakefile", line 108:
Command 'set -euo pipefail;  
        python scripts/extract_points.py             --config config.yaml             --region egypt             --run_start 1             --run_end 18905             --canal_start 2001             --canal_end 3001             --chunk_id 2001_3001' died with <Signals.SIGINT: 2>.
[Thu Feb 26 10:45:25 2026]
Error in rule extract_chunk:
    message: None
    jobid: 9
    input: /water1/mriduls/SOGRAIN_Analysis/egypt_from_1_to_18905/pixc_planning/pixc_to_grains.json
    output: /water1/mriduls/SOGRAIN_Analysis/egypt_from_1_to_18905/extracted_points/chunk_2001_3001/extraction_complete.flag
    shell:
        
        python scripts/extract_points.py             --config config.yaml             --region egypt             --run_start 1             --run_end 18905             --canal_start 2001             --canal_end 3001             --chunk_id 2001_3001
        
        (command exited with non-zero exit code)
RuleException:
CalledProcessError in file "/home/mriduls/swot_play/SOGRAIN2.0/pipeline_chunking/Snakefile", line 108:
Command 'set -euo pipefail;  
        python scripts/extract_points.py             --config config.yaml             --region egypt             --run_start 1             --run_end 18905             --canal_start 5001             --canal_end 6001             --chunk_id 5001_6001' died with <Signals.SIGINT: 2>.
[Thu Feb 26 10:45:25 2026]
Error in rule extract_chunk:
    message: None
    jobid: 12
    input: /water1/mriduls/SOGRAIN_Analysis/egypt_from_1_to_18905/pixc_planning/pixc_to_grains.json
    output: /water1/mriduls/SOGRAIN_Analysis/egypt_from_1_to_18905/extracted_points/chunk_5001_6001/extraction_complete.flag
    shell:
        
        python scripts/extract_points.py             --config config.yaml             --region egypt             --run_start 1             --run_end 18905             --canal_start 5001             --canal_end 6001             --chunk_id 5001_6001
        
        (command exited with non-zero exit code)
RuleException:
CalledProcessError in file "/home/mriduls/swot_play/SOGRAIN2.0/pipeline_chunking/Snakefile", line 108:
Command 'set -euo pipefail;  
        python scripts/extract_points.py             --config config.yaml             --region egypt             --run_start 1             --run_end 18905             --canal_start 6001             --canal_end 7001             --chunk_id 6001_7001' died with <Signals.SIGINT: 2>.
[Thu Feb 26 10:45:25 2026]
Error in rule extract_chunk:
    message: None
    jobid: 13
    input: /water1/mriduls/SOGRAIN_Analysis/egypt_from_1_to_18905/pixc_planning/pixc_to_grains.json
    output: /water1/mriduls/SOGRAIN_Analysis/egypt_from_1_to_18905/extracted_points/chunk_6001_7001/extraction_complete.flag
    shell:
        
        python scripts/extract_points.py             --config config.yaml             --region egypt             --run_start 1             --run_end 18905             --canal_start 6001             --canal_end 7001             --chunk_id 6001_7001
        
        (command exited with non-zero exit code)
RuleException:
CalledProcessError in file "/home/mriduls/swot_play/SOGRAIN2.0/pipeline_chunking/Snakefile", line 108:
Command 'set -euo pipefail;  
        python scripts/extract_points.py             --config config.yaml             --region egypt             --run_start 1             --run_end 18905             --canal_start 1             --canal_end 1001             --chunk_id 1_1001' died with <Signals.SIGINT: 2>.
[Thu Feb 26 10:45:25 2026]
Error in rule extract_chunk:
    message: None
    jobid: 6
    input: /water1/mriduls/SOGRAIN_Analysis/egypt_from_1_to_18905/pixc_planning/pixc_to_grains.json
    output: /water1/mriduls/SOGRAIN_Analysis/egypt_from_1_to_18905/extracted_points/chunk_1_1001/extraction_complete.flag
    shell:
        
        python scripts/extract_points.py             --config config.yaml             --region egypt             --run_start 1             --run_end 18905             --canal_start 1             --canal_end 1001             --chunk_id 1_1001
        
        (command exited with non-zero exit code)
RuleException:
CalledProcessError in file "/home/mriduls/swot_play/SOGRAIN2.0/pipeline_chunking/Snakefile", line 108:
Command 'set -euo pipefail;  
        python scripts/extract_points.py             --config config.yaml             --region egypt             --run_start 1             --run_end 18905             --canal_start 4001             --canal_end 5001             --chunk_id 4001_5001' died with <Signals.SIGINT: 2>.
[Thu Feb 26 10:45:25 2026]
Error in rule extract_chunk:
    message: None
    jobid: 11
    input: /water1/mriduls/SOGRAIN_Analysis/egypt_from_1_to_18905/pixc_planning/pixc_to_grains.json
    output: /water1/mriduls/SOGRAIN_Analysis/egypt_from_1_to_18905/extracted_points/chunk_4001_5001/extraction_complete.flag
    shell:
        
        python scripts/extract_points.py             --config config.yaml             --region egypt             --run_start 1             --run_end 18905             --canal_start 4001             --canal_end 5001             --chunk_id 4001_5001
        
        (command exited with non-zero exit code)
RuleException:
CalledProcessError in file "/home/mriduls/swot_play/SOGRAIN2.0/pipeline_chunking/Snakefile", line 108:
Command 'set -euo pipefail;  
        python scripts/extract_points.py             --config config.yaml             --region egypt             --run_start 1             --run_end 18905             --canal_start 3001             --canal_end 4001             --chunk_id 3001_4001' died with <Signals.SIGINT: 2>.
[Thu Feb 26 10:45:25 2026]
Error in rule extract_chunk:
    message: None
    jobid: 10
    input: /water1/mriduls/SOGRAIN_Analysis/egypt_from_1_to_18905/pixc_planning/pixc_to_grains.json
    output: /water1/mriduls/SOGRAIN_Analysis/egypt_from_1_to_18905/extracted_points/chunk_3001_4001/extraction_complete.flag
    shell:
        
        python scripts/extract_points.py             --config config.yaml             --region egypt             --run_start 1             --run_end 18905             --canal_start 3001             --canal_end 4001             --chunk_id 3001_4001
        
        (command exited with non-zero exit code)
RuleException:
CalledProcessError in file "/home/mriduls/swot_play/SOGRAIN2.0/pipeline_chunking/Snakefile", line 108:
Command 'set -euo pipefail;  
        python scripts/extract_points.py             --config config.yaml             --region egypt             --run_start 1             --run_end 18905             --canal_start 15001             --canal_end 16001             --chunk_id 15001_16001' died with <Signals.SIGINT: 2>.
[Thu Feb 26 10:45:25 2026]
Error in rule extract_chunk:
    message: None
    jobid: 22
    input: /water1/mriduls/SOGRAIN_Analysis/egypt_from_1_to_18905/pixc_planning/pixc_to_grains.json
    output: /water1/mriduls/SOGRAIN_Analysis/egypt_from_1_to_18905/extracted_points/chunk_15001_16001/extraction_complete.flag
    shell:
        
        python scripts/extract_points.py             --config config.yaml             --region egypt             --run_start 1             --run_end 18905             --canal_start 15001             --canal_end 16001             --chunk_id 15001_16001
        
        (command exited with non-zero exit code)
RuleException:
CalledProcessError in file "/home/mriduls/swot_play/SOGRAIN2.0/pipeline_chunking/Snakefile", line 108:
Command 'set -euo pipefail;  
        python scripts/extract_points.py             --config config.yaml             --region egypt             --run_start 1             --run_end 18905             --canal_start 8001             --canal_end 9001             --chunk_id 8001_9001' died with <Signals.SIGINT: 2>.
RuleException:
CalledProcessError in file "/home/mriduls/swot_play/SOGRAIN2.0/pipeline_chunking/Snakefile", line 108:
Command 'set -euo pipefail;  
        python scripts/extract_points.py             --config config.yaml             --region egypt             --run_start 1             --run_end 18905             --canal_start 10001             --canal_end 11001             --chunk_id 10001_11001' died with <Signals.SIGINT: 2>.
[Thu Feb 26 10:45:25 2026]
Error in rule extract_chunk:
    message: None
    jobid: 15
    input: /water1/mriduls/SOGRAIN_Analysis/egypt_from_1_to_18905/pixc_planning/pixc_to_grains.json
    output: /water1/mriduls/SOGRAIN_Analysis/egypt_from_1_to_18905/extracted_points/chunk_8001_9001/extraction_complete.flag
    shell:
        
        python scripts/extract_points.py             --config config.yaml             --region egypt             --run_start 1             --run_end 18905             --canal_start 8001             --canal_end 9001             --chunk_id 8001_9001
        
        (command exited with non-zero exit code)
[Thu Feb 26 10:45:25 2026]
Error in rule extract_chunk:
    message: None
    jobid: 17
    input: /water1/mriduls/SOGRAIN_Analysis/egypt_from_1_to_18905/pixc_planning/pixc_to_grains.json
    output: /water1/mriduls/SOGRAIN_Analysis/egypt_from_1_to_18905/extracted_points/chunk_10001_11001/extraction_complete.flag
    shell:
        
        python scripts/extract_points.py             --config config.yaml             --region egypt             --run_start 1             --run_end 18905             --canal_start 10001             --canal_end 11001             --chunk_id 10001_11001
        
        (command exited with non-zero exit code)
RuleException:
CalledProcessError in file "/home/mriduls/swot_play/SOGRAIN2.0/pipeline_chunking/Snakefile", line 108:
Command 'set -euo pipefail;  
        python scripts/extract_points.py             --config config.yaml             --region egypt             --run_start 1             --run_end 18905             --canal_start 7001             --canal_end 8001             --chunk_id 7001_8001' died with <Signals.SIGINT: 2>.
[Thu Feb 26 10:45:25 2026]
Error in rule extract_chunk:
    message: None
    jobid: 14
    input: /water1/mriduls/SOGRAIN_Analysis/egypt_from_1_to_18905/pixc_planning/pixc_to_grains.json
    output: /water1/mriduls/SOGRAIN_Analysis/egypt_from_1_to_18905/extracted_points/chunk_7001_8001/extraction_complete.flag
    shell:
        
        python scripts/extract_points.py             --config config.yaml             --region egypt             --run_start 1             --run_end 18905             --canal_start 7001             --canal_end 8001             --chunk_id 7001_8001
        
        (command exited with non-zero exit code)
RuleException:
CalledProcessError in file "/home/mriduls/swot_play/SOGRAIN2.0/pipeline_chunking/Snakefile", line 108:
Command 'set -euo pipefail;  
        python scripts/extract_points.py             --config config.yaml             --region egypt             --run_start 1             --run_end 18905             --canal_start 16001             --canal_end 17001             --chunk_id 16001_17001' died with <Signals.SIGINT: 2>.
[Thu Feb 26 10:45:25 2026]
Error in rule extract_chunk:
    message: None
    jobid: 23
    input: /water1/mriduls/SOGRAIN_Analysis/egypt_from_1_to_18905/pixc_planning/pixc_to_grains.json
    output: /water1/mriduls/SOGRAIN_Analysis/egypt_from_1_to_18905/extracted_points/chunk_16001_17001/extraction_complete.flag
    shell:
        
        python scripts/extract_points.py             --config config.yaml             --region egypt             --run_start 1             --run_end 18905             --canal_start 16001             --canal_end 17001             --chunk_id 16001_17001
        
        (command exited with non-zero exit code)
RuleException:
CalledProcessError in file "/home/mriduls/swot_play/SOGRAIN2.0/pipeline_chunking/Snakefile", line 108:
Command 'set -euo pipefail;  
        python scripts/extract_points.py             --config config.yaml             --region egypt             --run_start 1             --run_end 18905             --canal_start 1001             --canal_end 2001             --chunk_id 1001_2001' died with <Signals.SIGINT: 2>.
[Thu Feb 26 10:45:25 2026]
Error in rule extract_chunk:
    message: None
    jobid: 8
    input: /water1/mriduls/SOGRAIN_Analysis/egypt_from_1_to_18905/pixc_planning/pixc_to_grains.json
    output: /water1/mriduls/SOGRAIN_Analysis/egypt_from_1_to_18905/extracted_points/chunk_1001_2001/extraction_complete.flag
    shell:
        
        python scripts/extract_points.py             --config config.yaml             --region egypt             --run_start 1             --run_end 18905             --canal_start 1001             --canal_end 2001             --chunk_id 1001_2001
        
        (command exited with non-zero exit code)
RuleException:
CalledProcessError in file "/home/mriduls/swot_play/SOGRAIN2.0/pipeline_chunking/Snakefile", line 108:
Command 'set -euo pipefail;  
        python scripts/extract_points.py             --config config.yaml             --region egypt             --run_start 1             --run_end 18905             --canal_start 13001             --canal_end 14001             --chunk_id 13001_14001' died with <Signals.SIGINT: 2>.
[Thu Feb 26 10:45:25 2026]
Error in rule extract_chunk:
    message: None
    jobid: 20
    input: /water1/mriduls/SOGRAIN_Analysis/egypt_from_1_to_18905/pixc_planning/pixc_to_grains.json
    output: /water1/mriduls/SOGRAIN_Analysis/egypt_from_1_to_18905/extracted_points/chunk_13001_14001/extraction_complete.flag
    shell:
        
        python scripts/extract_points.py             --config config.yaml             --region egypt             --run_start 1             --run_end 18905             --canal_start 13001             --canal_end 14001             --chunk_id 13001_14001
        
        (command exited with non-zero exit code)
RuleException:
CalledProcessError in file "/home/mriduls/swot_play/SOGRAIN2.0/pipeline_chunking/Snakefile", line 108:
Command 'set -euo pipefail;  
        python scripts/extract_points.py             --config config.yaml             --region egypt             --run_start 1             --run_end 18905             --canal_start 17001             --canal_end 18001             --chunk_id 17001_18001' died with <Signals.SIGINT: 2>.
[Thu Feb 26 10:45:25 2026]
Error in rule extract_chunk:
    message: None
    jobid: 24
    input: /water1/mriduls/SOGRAIN_Analysis/egypt_from_1_to_18905/pixc_planning/pixc_to_grains.json
    output: /water1/mriduls/SOGRAIN_Analysis/egypt_from_1_to_18905/extracted_points/chunk_17001_18001/extraction_complete.flag
    shell:
        
        python scripts/extract_points.py             --config config.yaml             --region egypt             --run_start 1             --run_end 18905             --canal_start 17001             --canal_end 18001             --chunk_id 17001_18001
        
        (command exited with non-zero exit code)
RuleException:
CalledProcessError in file "/home/mriduls/swot_play/SOGRAIN2.0/pipeline_chunking/Snakefile", line 108:
Command 'set -euo pipefail;  
        python scripts/extract_points.py             --config config.yaml             --region egypt             --run_start 1             --run_end 18905             --canal_start 9001             --canal_end 10001             --chunk_id 9001_10001' died with <Signals.SIGINT: 2>.
[Thu Feb 26 10:45:25 2026]
Error in rule extract_chunk:
    message: None
    jobid: 16
    input: /water1/mriduls/SOGRAIN_Analysis/egypt_from_1_to_18905/pixc_planning/pixc_to_grains.json
    output: /water1/mriduls/SOGRAIN_Analysis/egypt_from_1_to_18905/extracted_points/chunk_9001_10001/extraction_complete.flag
    shell:
        
        python scripts/extract_points.py             --config config.yaml             --region egypt             --run_start 1             --run_end 18905             --canal_start 9001             --canal_end 10001             --chunk_id 9001_10001
        
        (command exited with non-zero exit code)
RuleException:
CalledProcessError in file "/home/mriduls/swot_play/SOGRAIN2.0/pipeline_chunking/Snakefile", line 108:
Command 'set -euo pipefail;  
        python scripts/extract_points.py             --config config.yaml             --region egypt             --run_start 1             --run_end 18905             --canal_start 14001             --canal_end 15001             --chunk_id 14001_15001' died with <Signals.SIGINT: 2>.
[Thu Feb 26 10:45:26 2026]
Error in rule extract_chunk:
    message: None
    jobid: 21
    input: /water1/mriduls/SOGRAIN_Analysis/egypt_from_1_to_18905/pixc_planning/pixc_to_grains.json
    output: /water1/mriduls/SOGRAIN_Analysis/egypt_from_1_to_18905/extracted_points/chunk_14001_15001/extraction_complete.flag
    shell:
        
        python scripts/extract_points.py             --config config.yaml             --region egypt             --run_start 1             --run_end 18905             --canal_start 14001             --canal_end 15001             --chunk_id 14001_15001
        
        (command exited with non-zero exit code)
Complete log(s): /home/mriduls/swot_play/SOGRAIN2.0/pipeline_chunking/.snakemake/log/2026-02-26T104420.838497.snakemake.log
WorkflowError:
At least one job did not complete successfully.
